// Jest Snapshot v1, https://goo.gl/fbAQLP

exports[`App component renders App 1`] = `
<Fragment>
  <BrowserRouter>
    <Header />
    <SideBar />
    <Route
      component={[Function]}
      exact={true}
      path="/"
    />
    <Route
      component={[Function]}
      path="/persons"
    />
    <Route
      component={[Function]}
      path="/detentions"
    />
    <Route
      component={[Function]}
      path="/developers"
    />
  </BrowserRouter>
</Fragment>
`;
